
  You can now view your Streamlit app in your browser.

  Local URL: http://localhost:8504
  Network URL: http://10.210.14.76:8504
  External URL: http://107.148.207.35:8504

2026-06-12 12:42:30 [info     ] db.pool.created                dbname=market_analysis
2026-06-12 12:42:40 [info     ] db.source_pool.created         dbname=market_data
2026-06-12 15:58:12 [info     ] db.pool.created                dbname=market_analysis
2026-06-12 15:59:14 [info     ] db.source_pool.created         dbname=market_data
2026-06-12 16:20:23 [info     ] db.pool.created                dbname=market_analysis
2026-06-12 16:20:23 [info     ] db.source_pool.created         dbname=market_data
2026-06-12 16:29:58 [info     ] db.pool.created                dbname=market_analysis
2026-06-12 16:32:24 [info     ] db.source_pool.created         dbname=market_data
2026-06-12 16:33:15 [info     ] db.pool.created                dbname=market_analysis
2026-06-12 16:33:16 [info     ] db.source_pool.created         dbname=market_data
2026-06-12 16:59:24 [info     ] db.pool.created                dbname=market_analysis
2026-06-12 16:59:25 [info     ] db.source_pool.created         dbname=market_data
2026-06-12 17:01:39 [info     ] db.pool.created                dbname=market_analysis
2026-06-12 17:01:55 [info     ] db.source_pool.created         dbname=market_data
2026-06-12 20:49:56 [info     ] db.pool.created                dbname=market_analysis
2026-06-12 20:56:03 [info     ] db.source_pool.created         dbname=market_data
2026-06-12 21:45:26 [info     ] db.pool.created                dbname=market_analysis
2026-06-12 21:45:47 [info     ] db.source_pool.created         dbname=market_data
2026-06-12 22:01:29 [info     ] db.pool.created                dbname=market_analysis
2026-06-12 22:02:23 [info     ] db.source_pool.created         dbname=market_data
2026-06-12 22:04:51 [info     ] db.pool.created                dbname=market_analysis
2026-06-12 22:05:10 [info     ] db.source_pool.created         dbname=market_data
2026-06-12 22:29:56 [info     ] db.pool.created                dbname=market_analysis
2026-06-12 23:06:48 [info     ] db.pool.created                dbname=market_analysis
2026-06-12 23:06:52 [info     ] db.source_pool.created         dbname=market_data
2026-06-14 13:47:33 [info     ] db.pool.created                dbname=market_analysis
2026-06-14 13:47:54 [info     ] db.source_pool.created         dbname=market_data
2026-06-14 14:14:47 [info     ] db.pool.created                dbname=market_analysis
2026-06-14 14:23:19 [info     ] db.pool.created                dbname=market_analysis
2026-06-14 14:23:20 [info     ] db.source_pool.created         dbname=market_data
2026-06-14 14:46:22 [info     ] db.pool.created                dbname=market_analysis
2026-06-14 14:46:52 [info     ] db.source_pool.created         dbname=market_data
2026-06-14 16:15:21 [info     ] db.pool.created                dbname=market_analysis
2026-06-14 16:15:21 [info     ] db.source_pool.created         dbname=market_data
2026-06-14 16:41:12 [info     ] db.pool.created                dbname=market_analysis
2026-06-14 16:57:24 [info     ] db.source_pool.created         dbname=market_data
